                     ..'
                 ,xNMM.
               .OMMMMo
               lMM"
     .;loddo:.  .olloddol;.
   cKMMMMMMMMMMNWMMMMMMMMMM0:
 .KMMMMMMMMMMMMMMMMMMMMMMMWd.
 XMMMMMMMMMMMMMMMMMMMMMMMX.
;MMMMMMMMMMMMMMMMMMMMMMMM:
:MMMMMMMMMMMMMMMMMMMMMMMM:
.MMMMMMMMMMMMMMMMMMMMMMMMX.
 kMMMMMMMMMMMMMMMMMMMMMMMMWd.
 'XMMMMMMMMMMMMMMMMMMMMMMMMMMk
  'XMMMMMMMMMMMMMMMMMMMMMMMMK.
    kMMMMMMMMMMMMMMMMMMMMMMd
     ;KMMMMMMMWXXWMMMMMMMk.
       "cooc*"    "*coo'"[1G[16A[34Cleshymacbook@MacBook-Air
[34C------------------------
[34COS: macOS Tahoe 26.1 arm64
[34CHost: MacBook Air (M2, 2022)
[34CKernel: Darwin 25.1.0
[34CUptime: 7 days, 4 hours, 46 mins
[34CPackages: 146 (brew), 8 (brew-cask)
[34CShell: zsh 5.9
[34CDisplay (Color LCD): 2940x1912 @ 60 Hz (as 1470x956) in 14" [Built-in]
[34CDE: Liquid Glass
[34CWM: Quartz Compositor 341.1.4
[34CWM Theme: Multicolor (Light)
[34CFont: .AppleSystemUIFont [System], Helvetica [User]
[34CCursor: Fill - Black, Outline - White (32px)
[34CTerminal: Apple Terminal 465
[34CTerminal Font: MesloLGLNFM-Regular (14pt)
[34CCPU: Apple M2 (8) @ 3.50 GHz
[34CGPU: Apple M2 (8) @ 1.40 GHz [Integrated]
[34CMemory: 13.54 GiB / 16.00 GiB (85%)
[34CSwap: 3.97 GiB / 5.00 GiB (79%)
[34CDisk (/): 205.21 GiB / 228.27 GiB (90%) - apfs [Read-only]
[34CBattery (bq40z651): 30% (2 hours, 59 mins remaining) [Discharging]
[34CLocale: C.UTF-8
[34C
[34C[40m   [41m   [42m   [43m   [44m   [45m   [46m   [47m   [m
[34C[100m   [101m   [102m   [103m   [104m   [105m   [106m   [107m   [m
